// Jest Snapshot v1, https://goo.gl/fbAQLP

exports[`sdsdsddsdsdsd 1`] = `
Object {
  "currentPerson": null,
  "data": null,
  "error": null,
  "isFetching": true,
}
`;
